// Vitest Snapshot v1, https://vitest.dev/guide/snapshot.html

exports[`Transfer page didn't change 1`] = `<DocumentFragment />`;
